// Jest Snapshot v1, https://goo.gl/fbAQLP

exports[`Index renders correctly 1`] = `
Array [
  <a
    className="link"
    href="#main"
  >
    Skip to main content
  </a>,
  <header
    className="root"
  >
    <div
      className="container"
    >
      <h1
        className="title"
      >
        <a
          className="link"
          href="/"
        >
          Default Starter Blog
        </a>
      </h1>
    </div>
  </header>,
  <div
    className="root"
  >
    <main
      id="main"
    >
      <h1>
        Hi people
      </h1>
      <p>
        Welcome to your new Gatsby site.
      </p>
      <section
        className="root large"
      >
        <button
          className="root"
        >
          Default
        </button>
        <button
          className="root brand"
        >
          Brand
        </button>
        <button
          className="root light"
        >
          Light
        </button>
        <button
          className="root dark"
        >
          Dark
        </button>
        <div
          style={
            Object {
              "backgroundColor": "#000000",
              "padding": "16px",
            }
          }
        >
          <button
            className="root brandInverse"
          >
            Brand Inverse
          </button>
          <button
            className="root lightInverse"
          >
            Light Inverse
          </button>
          <button
            className="root darkInverse"
          >
            Dark Inverse
          </button>
        </div>
      </section>
      <section
        className="root constrained"
      >
        <span
          className="checkmark"
        >
          <span>
            checkmark
          </span>
        </span>
        <span
          className="checkmark brand"
        >
          <span>
            checkmark
          </span>
        </span>
        <span
          className="checkmark light"
        >
          <span>
            checkmark
          </span>
        </span>
        <span
          className="checkmark dark"
        >
          <span>
            checkmark
          </span>
        </span>
      </section>
      <section
        className="root"
      >
        <span
          className="dot"
        >
          <span>
            dot
          </span>
        </span>
        <span
          className="dot brand"
        >
          <span>
            dot
          </span>
        </span>
        <span
          className="dot light"
        >
          <span>
            dot
          </span>
        </span>
        <span
          className="dot dark"
        >
          <span>
            dot
          </span>
        </span>
      </section>
      <section
        className="root"
      >
        <span
          className="tooltip"
        >
          <span>
            tooltip
          </span>
        </span>
        <span
          className="tooltip brand"
        >
          <span>
            tooltip
          </span>
        </span>
        <span
          className="tooltip light"
        >
          <span>
            tooltip
          </span>
        </span>
        <span
          className="tooltip dark"
        >
          <span>
            tooltip
          </span>
        </span>
      </section>
      <section
        className="root"
      >
        <a
          href="/blog/"
        >
          Go to the Blog
        </a>
      </section>
    </main>
    <footer
      className="footer"
    >
      © 
      2019
      , Built with
       
      <a
        href="https://www.gatsbyjs.org"
        rel="noopener noreferrer"
      >
        Gatsby
      </a>
      .
       
      Calin says hello.
    </footer>
  </div>,
]
`;
