// Jest Snapshot v1, https://goo.gl/fbAQLP

exports[`Layout renders correctly 1`] = `
Array [
  <header
    className="header"
  >
    <div
      className="container"
    >
      <h1
        className="title"
      >
        <a
          className="link"
          href="/"
        >
          Layout title
        </a>
      </h1>
    </div>
  </header>,
  <div
    className="container"
  >
    <main>
      Layout test
    </main>
    <footer>
      © 
      2019
      , Built with
       
      <a
        href="https://www.gatsbyjs.org"
        rel="noopener noreferrer"
      >
        Gatsby
      </a>
    </footer>
  </div>,
]
`;
