// Jest Snapshot v1, https://goo.gl/fbAQLP

exports[`PaginationList renders correctly 1`] = `
<nav
  aria-label="Pagination Navigation"
  role="navigation"
>
  <ul
    className=""
  >
    <li
      className=""
    >
      <a
        href="/path/"
      >
        1
      </a>
    </li>
    <li
      className=""
    >
      <a
        href="/path/2"
      >
        2
      </a>
    </li>
  </ul>
</nav>
`;
