// Jest Snapshot v1, https://goo.gl/fbAQLP

exports[`Pagination renders correctly 1`] = `
<nav
  aria-label="Pagination Navigation"
  role="navigation"
>
  <ul
    className=""
  >
    <li
      className=""
    >
      <a
        href="/"
      >
        Previous
      </a>
    </li>
    <li
      className=""
    >
      <a
        href="/"
      >
        Next
      </a>
    </li>
  </ul>
</nav>
`;
